


ARM Macro Assembler    Page 1 


    1 00000000         
    2 00000000         
    3 00000000                 area             madata, data
    4 00000000 00000000 
                       tot     dcd              0
    5 00000004 40010C10 
                       GPIOB_BSRR
                               equ              0x40010C10  ; Bit Set/Reset reg
                                                            ister 
    6 00000004         
    7 00000004                 area             moncode, code
    8 00000000                 export           timer_callback
    9 00000000                 include          etat.inc
    1 00000000 4000043C 
                       TIM3_CCR3
                               equ              0x4000043C  ;
    2 00000000         
    3 00000000         ;typedef struct {
    4 00000000         ;int position;  // 0
    5 00000000         ;int taille;  // 4
    6 00000000         ;void * son;  // 8
    7 00000000         ;int resolution; // 12
    8 00000000         ;int periode_ticks; // 16
    9 00000000         ;} type_etat;
   10 00000000         
   11 00000000         ;/*
   12 00000000         
   13 00000000 00000000 
                       E_POS   equ              0
   14 00000000 00000004 
                       E_TAI   equ              4
   15 00000000 00000008 
                       E_SON   equ              8
   16 00000000 0000000C 
                       E_RES   equ              12
   17 00000000 00000010 
                       E_PER   equ              16
   18 00000000                 end
   10 00000000         
   11 00000000         timer_callback
                               proc
   12 00000000         
   13 00000000 F8DF A028       ldr              r10,=tot
   14 00000004 F99A 9000       LDRSB            R9,[r10]
   15 00000008 EA6F 0909       MVN              r9,r9
   16 0000000C F88A 9000       STRB             r9,[r10]
   17 00000010         
   18 00000010         
   19 00000010         
   20 00000010 F1B9 0F00       CMP              r9,#0
   21 00000014 D004            BEQ              on
   22 00000016         
   23 00000016         ; mise a 1 de PB1
   24 00000016 4B06            ldr              r3, =GPIOB_BSRR
   25 00000018 F04F 0102       mov              r1, #0x00000002
   26 0000001C 6019            str              r1, [r3]
   27 0000001E E003            B                out
   28 00000020         on
   29 00000020         ; mise a zero de PB1



ARM Macro Assembler    Page 2 


   30 00000020 4B03            ldr              r3, =GPIOB_BSRR
   31 00000022 F44F 3100       mov              r1, #0x00020000
   32 00000026 6019            str              r1, [r3]
   33 00000028         
   34 00000028         ; N.B. le registre BSRR est write-only, on ne peut pas l
                       e relire 
   35 00000028 4770    out     BX               lr
   36 0000002A                 endp
   37 0000002A                 end
              00 00 00000000 
              40010C10 
Command Line: --debug --xref --diag_suppress=9931 --cpu=Cortex-M3 --apcs=interw
ork --depend=.\obj\test.d -o.\obj\test.o -I.\RTE\_Simu -ID:\Users\machilus\AppD
ata\Local\Arm\Packs\ARM\CMSIS\5.6.0\CMSIS\Core\Include -ID:\Users\machilus\AppD
ata\Local\Arm\Packs\Keil\STM32F1xx_DFP\2.3.0\Device\Include --predefine="__EVAL
 SETA 1" --predefine="__MICROLIB SETA 1" --predefine="__UVISION_VERSION SETA 52
9" --predefine="_RTE_ SETA 1" --predefine="STM32F10X_MD SETA 1" --list=test.lst
 test.s



ARM Macro Assembler    Page 1 Alphabetic symbol ordering
Relocatable symbols

madata 00000000

Symbol: madata
   Definitions
      At line 3 in file test.s
   Uses
      None
Comment: madata unused
tot 00000000

Symbol: tot
   Definitions
      At line 4 in file test.s
   Uses
      At line 13 in file test.s
Comment: tot used once
2 symbols



ARM Macro Assembler    Page 1 Alphabetic symbol ordering
Relocatable symbols

moncode 00000000

Symbol: moncode
   Definitions
      At line 7 in file test.s
   Uses
      None
Comment: moncode unused
on 00000020

Symbol: on
   Definitions
      At line 28 in file test.s
   Uses
      At line 21 in file test.s
Comment: on used once
out 00000028

Symbol: out
   Definitions
      At line 35 in file test.s
   Uses
      At line 27 in file test.s
Comment: out used once
timer_callback 00000000

Symbol: timer_callback
   Definitions
      At line 11 in file test.s
   Uses
      At line 8 in file test.s
Comment: timer_callback used once
4 symbols



ARM Macro Assembler    Page 1 Alphabetic symbol ordering
Absolute symbols

E_PER 00000010

Symbol: E_PER
   Definitions
      At line 17 in file etat.inc
   Uses
      None
Comment: E_PER unused
E_POS 00000000

Symbol: E_POS
   Definitions
      At line 13 in file etat.inc
   Uses
      None
Comment: E_POS unused
E_RES 0000000C

Symbol: E_RES
   Definitions
      At line 16 in file etat.inc
   Uses
      None
Comment: E_RES unused
E_SON 00000008

Symbol: E_SON
   Definitions
      At line 15 in file etat.inc
   Uses
      None
Comment: E_SON unused
E_TAI 00000004

Symbol: E_TAI
   Definitions
      At line 14 in file etat.inc
   Uses
      None
Comment: E_TAI unused
GPIOB_BSRR 40010C10

Symbol: GPIOB_BSRR
   Definitions
      At line 5 in file test.s
   Uses
      At line 24 in file test.s
      At line 30 in file test.s

TIM3_CCR3 4000043C

Symbol: TIM3_CCR3
   Definitions
      At line 1 in file etat.inc
   Uses
      None
Comment: TIM3_CCR3 unused
7 symbols
350 symbols in table
